// Jest Snapshot v1, https://goo.gl/fbAQLP

exports[`generate code element ast generate code 1`] = `
"const { createElementBlock: _createElementBlock } = Vue
return function render (_ctx,_cache,$props,$setup,$data,$options){ return _createElementBlock(\\"div\\") }"
`;

exports[`generate code interplotation ast generate code 1`] = `
"const { toDisplayString: _toDisplayString } = Vue
return function render (_ctx,_cache,$props,$setup,$data,$options){ return _toDisplayString(_ctx.message) }"
`;

exports[`generate code text ast generate  code 1`] = `"return function render (_ctx,_cache,$props,$setup,$data,$options){ return \\"hi\\" }"`;

exports[`generate code three types to generate code 1`] = `
"const { createElementBlock: _createElementBlock,toDisplayString: _toDisplayString } = Vue
return function render (_ctx,_cache,$props,$setup,$data,$options){ return _createElementBlock(\\"div\\",null,\\"hi,\\"+_toDisplayString(message)) }"
`;
